// Jest Snapshot v1, https://goo.gl/fbAQLP

exports[`SpanAttributesTable 1`] = `
<div>
  <div
    class="sc-bdvvtL CSceT"
    data-cy="test-card"
  >
    <span
      aria-label="right"
      class="anticon anticon-right"
      role="img"
    >
      <svg
        aria-hidden="true"
        data-icon="right"
        fill="currentColor"
        focusable="false"
        height="1em"
        viewBox="64 64 896 896"
        width="1em"
      >
        <path
          d="M765.7 486.8L314.9 134.7A7.97 7.97 0 00302 141v77.3c0 4.9 2.3 9.6 6.1 12.6l360 281.1-360 281.1c-3.9 3-6.1 7.7-6.1 12.6V883c0 6.7 7.7 10.4 12.9 6.3l450.8-352.1a31.96 31.96 0 000-50.4z"
        />
      </svg>
    </span>
    <div
      class="sc-gsDKAQ iwigcB"
    >
      <span
        class="ant-typography sc-hKwDye gbtLIw"
      >
        
      </span>
    </div>
    <div
      class="sc-gsDKAQ iwigcB"
    >
      <span
        class="ant-typography sc-eCImPb"
      >
        GET
      </span>
    </div>
    <div
      class="sc-gsDKAQ iwigcB"
      data-cy="test-url-"
    >
      <span
        class="ant-typography sc-eCImPb"
      >
        
      </span>
    </div>
    <div
      class="sc-gsDKAQ iwigcB"
    />
    <div
      class="sc-dkPtRN eWbiec"
    >
      <button
        class="ant-btn ant-btn-primary ant-btn-background-ghost"
        data-cy="test-run-button"
        type="button"
      >
        <span>
          Run Test
        </span>
      </button>
    </div>
    <span
      class="ant-dropdown-trigger ant-dropdown-link"
      data-cy="test-actions-button-"
    >
      <span
        aria-label="more"
        class="anticon anticon-more sc-jRQBWg"
        role="img"
        style="font-size: 24px; color: rgb(154, 163, 171); cursor: pointer;"
      >
        <svg
          aria-hidden="true"
          data-icon="more"
          fill="currentColor"
          focusable="false"
          height="1em"
          viewBox="64 64 896 896"
          width="1em"
        >
          <path
            d="M456 231a56 56 0 10112 0 56 56 0 10-112 0zm0 280a56 56 0 10112 0 56 56 0 10-112 0zm0 280a56 56 0 10112 0 56 56 0 10-112 0z"
          />
        </svg>
      </span>
    </span>
  </div>
</div>
`;
