// Jest Snapshot v1, https://goo.gl/fbAQLP

exports[`Router 1`] = `
<div>
  <div
    data-cy="not_initialized"
  />
</div>
`;
