// Jest Snapshot v1, https://goo.gl/fbAQLP

exports[`TraceAssertionsTable 1`] = `
<div>
  <div
    class="sc-gsDKAQ jfpIVA"
    data-cy="test-results-assertion-table"
  >
    <div
      class="sc-dkPtRN diGMvB"
    >
      <h5
        class="ant-typography"
        style="margin: 0px;"
      >
        
      </h5>
      <h5
        class="ant-typography"
        style="margin: 0px;"
      >
        1 span
      </h5>
    </div>
    <div
      class="ant-table-wrapper sc-bdvvtL kLJHSf"
    >
      <div
        class="ant-spin-nested-loading"
      >
        <div
          class="ant-spin-container"
        >
          <div
            class="ant-table ant-table-small ant-table-bordered ant-table-layout-fixed"
          >
            <div
              class="ant-table-container"
            >
              <div
                class="ant-table-content"
              >
                <table
                  style="table-layout: fixed;"
                >
                  <colgroup>
                    <col
                      style="width: 40%;"
                    />
                    <col
                      style="width: 25%;"
                    />
                  </colgroup>
                  <thead
                    class="ant-table-thead"
                  >
                    <tr>
                      <th
                        class="ant-table-cell ant-table-cell-ellipsis"
                        title="Span Labels"
                      >
                        Span Labels
                      </th>
                      <th
                        class="ant-table-cell ant-table-cell-ellipsis"
                        title="Property"
                      >
                        Property
                      </th>
                      <th
                        class="ant-table-cell"
                      >
                        Comparison
                      </th>
                      <th
                        class="ant-table-cell"
                      >
                        Value
                      </th>
                      <th
                        class="ant-table-cell"
                      >
                        Actual
                      </th>
                    </tr>
                  </thead>
                  <tbody
                    class="ant-table-tbody"
                  >
                    <tr
                      class="ant-table-row ant-table-row-level-0"
                      data-row-key="-"
                    >
                      <td
                        class="ant-table-cell ant-table-cell-ellipsis"
                      >
                        <span
                          class="ant-badge ant-badge-not-a-wrapper sc-hKwDye wxfDf"
                        >
                          <sup
                            class="ant-scroll-number ant-badge-count"
                            data-show="true"
                            title="#"
                          >
                            #
                          </sup>
                        </span>
                      </td>
                      <td
                        class="ant-table-cell ant-table-cell-ellipsis"
                        title=""
                      >
                        
                      </td>
                      <td
                        class="ant-table-cell"
                      >
                        eq
                      </td>
                      <td
                        class="ant-table-cell"
                      >
                        
                      </td>
                      <td
                        class="ant-table-cell"
                      >
                        <span
                          class="ant-typography ant-typography-danger"
                        >
                          <strong>
                            New request
                          </strong>
                        </span>
                      </td>
                    </tr>
                  </tbody>
                </table>
              </div>
            </div>
          </div>
        </div>
      </div>
    </div>
  </div>
</div>
`;

exports[`TraceAssertionsTable click row 1`] = `
<div>
  <div
    class="sc-gsDKAQ jfpIVA"
    data-cy="test-results-assertion-table"
  >
    <div
      class="sc-dkPtRN diGMvB"
    >
      <h5
        class="ant-typography"
        style="margin: 0px;"
      >
        
      </h5>
      <h5
        class="ant-typography"
        style="margin: 0px;"
      >
        1 span
      </h5>
    </div>
    <div
      class="ant-table-wrapper sc-bdvvtL kLJHSf"
    >
      <div
        class="ant-spin-nested-loading"
      >
        <div
          class="ant-spin-container"
        >
          <div
            class="ant-table ant-table-small ant-table-bordered ant-table-layout-fixed"
          >
            <div
              class="ant-table-container"
            >
              <div
                class="ant-table-content"
              >
                <table
                  style="table-layout: fixed;"
                >
                  <colgroup>
                    <col
                      style="width: 40%;"
                    />
                    <col
                      style="width: 25%;"
                    />
                  </colgroup>
                  <thead
                    class="ant-table-thead"
                  >
                    <tr>
                      <th
                        class="ant-table-cell ant-table-cell-ellipsis"
                        title="Span Labels"
                      >
                        Span Labels
                      </th>
                      <th
                        class="ant-table-cell ant-table-cell-ellipsis"
                        title="Property"
                      >
                        Property
                      </th>
                      <th
                        class="ant-table-cell"
                      >
                        Comparison
                      </th>
                      <th
                        class="ant-table-cell"
                      >
                        Value
                      </th>
                      <th
                        class="ant-table-cell"
                      >
                        Actual
                      </th>
                    </tr>
                  </thead>
                  <tbody
                    class="ant-table-tbody"
                  >
                    <tr
                      class="ant-table-row ant-table-row-level-0"
                      data-row-key="-"
                    >
                      <td
                        class="ant-table-cell ant-table-cell-ellipsis"
                      >
                        <span
                          class="ant-badge ant-badge-not-a-wrapper sc-hKwDye wxfDf"
                        >
                          <sup
                            class="ant-scroll-number ant-badge-count"
                            data-show="true"
                            title="#"
                          >
                            #
                          </sup>
                        </span>
                      </td>
                      <td
                        class="ant-table-cell ant-table-cell-ellipsis"
                        title=""
                      >
                        
                      </td>
                      <td
                        class="ant-table-cell"
                      >
                        eq
                      </td>
                      <td
                        class="ant-table-cell"
                      >
                        
                      </td>
                      <td
                        class="ant-table-cell"
                      >
                        <span
                          class="ant-typography ant-typography-danger"
                        >
                          <strong>
                            New request
                          </strong>
                        </span>
                      </td>
                    </tr>
                  </tbody>
                </table>
              </div>
            </div>
          </div>
        </div>
      </div>
    </div>
  </div>
</div>
`;
